[WebServer] browser test server listening on http://127.0.0.1:4173

[WebServer] (node:4707) Warning: The 'NO_COLOR' env is ignored due to the 'FORCE_COLOR' env being set.
[WebServer] (Use `node --trace-warnings ...` to show where the warning was created)


Running 6 tests using 1 worker

[1/6] [chromium] › test/browser/final-polish.spec.js:38:3 › Final polish 1280: force labels are readable and Large type actually enlarges them
  1) [chromium] › test/browser/final-polish.spec.js:38:3 › Final polish 1280: force labels are readable and Large type actually enlarges them 

    Error: expect(received).toBeLessThanOrEqual(expected)

    Expected: <= 1
    Received:    106

      45 |     expect(ordinary.clipped).toEqual([]);
      46 |     expect(ordinary.intersections).toEqual([]);
    > 47 |     expect(ordinary.overflow).toBeLessThanOrEqual(1);
         |                               ^
      48 |     const ordinaryText = await page.locator('#mechanicsScope').evaluate(node => parseFloat(getComputedStyle(node).fontSize));
      49 |     await page.locator('#textScale').click();
      50 |     await expect(page.locator('#textScale')).toHaveAttribute('aria-pressed', 'true');
        at /Users/shotaro/Downloads/artifacts/test/browser/final-polish.spec.js:47:31

    attachment #1: screenshot (image/png) ──────────────────────────────────────────────────────────
    test-results/final-polish-Final-polish--d1276-type-actually-enlarges-them-chromium/test-failed-1.png
    ────────────────────────────────────────────────────────────────────────────────────────────────

    Error Context: test-results/final-polish-Final-polish--d1276-type-actually-enlarges-them-chromium/error-context.md

    attachment #3: trace (application/zip) ─────────────────────────────────────────────────────────
    test-results/final-polish-Final-polish--d1276-type-actually-enlarges-them-chromium/trace.zip
    Usage:

        npx playwright show-trace test-results/final-polish-Final-polish--d1276-type-actually-enlarges-them-chromium/trace.zip

    ────────────────────────────────────────────────────────────────────────────────────────────────


[2/6] [chromium] › test/browser/final-polish.spec.js:38:3 › Final polish 390: force labels are readable and Large type actually enlarges them
  2) [chromium] › test/browser/final-polish.spec.js:38:3 › Final polish 390: force labels are readable and Large type actually enlarges them 

    Error: expect(received).toBeLessThanOrEqual(expected)

    Expected: <= 1
    Received:    112

      45 |     expect(ordinary.clipped).toEqual([]);
      46 |     expect(ordinary.intersections).toEqual([]);
    > 47 |     expect(ordinary.overflow).toBeLessThanOrEqual(1);
         |                               ^
      48 |     const ordinaryText = await page.locator('#mechanicsScope').evaluate(node => parseFloat(getComputedStyle(node).fontSize));
      49 |     await page.locator('#textScale').click();
      50 |     await expect(page.locator('#textScale')).toHaveAttribute('aria-pressed', 'true');
        at /Users/shotaro/Downloads/artifacts/test/browser/final-polish.spec.js:47:31

    attachment #1: screenshot (image/png) ──────────────────────────────────────────────────────────
    test-results/final-polish-Final-polish--cf4c9-type-actually-enlarges-them-chromium/test-failed-1.png
    ────────────────────────────────────────────────────────────────────────────────────────────────

    Error Context: test-results/final-polish-Final-polish--cf4c9-type-actually-enlarges-them-chromium/error-context.md

    attachment #3: trace (application/zip) ─────────────────────────────────────────────────────────
    test-results/final-polish-Final-polish--cf4c9-type-actually-enlarges-them-chromium/trace.zip
    Usage:

        npx playwright show-trace test-results/final-polish-Final-polish--cf4c9-type-actually-enlarges-them-chromium/trace.zip

    ────────────────────────────────────────────────────────────────────────────────────────────────


Testing stopped early after 2 maximum allowed failures.

  2 failed
    [chromium] › test/browser/final-polish.spec.js:38:3 › Final polish 1280: force labels are readable and Large type actually enlarges them 
    [chromium] › test/browser/final-polish.spec.js:38:3 › Final polish 390: force labels are readable and Large type actually enlarges them 
  4 did not run
  1 error was not a part of any test, see above for details
