TAP version 13
# Subtest: SC9: every named release artifact exists and is generated, not written
ok 1 - SC9: every named release artifact exists and is generated, not written # SKIP test name does not match pattern
  ---
  duration_ms: 0.842584
  ...
# Subtest: SC9: the claim matrix restates the audit exactly, with resolvable citations
ok 2 - SC9: the claim matrix restates the audit exactly, with resolvable citations # SKIP test name does not match pattern
  ---
  duration_ms: 0.064334
  ...
# Subtest: SC9: the limitations sheet carries every recorded non-claim
ok 3 - SC9: the limitations sheet carries every recorded non-claim # SKIP test name does not match pattern
  ---
  duration_ms: 0.045375
  ...
# Subtest: SC9: the presenter script matches the shipped route and its pacing
ok 4 - SC9: the presenter script matches the shipped route and its pacing # SKIP test name does not match pattern
  ---
  duration_ms: 0.109875
  ...
# Subtest: SC9: the preflight keeps its seven steps and points at a real fallback
ok 5 - SC9: the preflight keeps its seven steps and points at a real fallback # SKIP test name does not match pattern
  ---
  duration_ms: 0.046708
  ...
# Subtest: SC9/18: the standalone reports three non-self-referential candidate identities
ok 6 - SC9/18: the standalone reports three non-self-referential candidate identities # SKIP test name does not match pattern
  ---
  duration_ms: 0.036666
  ...
# Subtest: SC9/18: the model fingerprint tracks only explicit primary model inputs
ok 7 - SC9/18: the model fingerprint tracks only explicit primary model inputs # SKIP test name does not match pattern
  ---
  duration_ms: 0.038459
  ...
# Subtest: SC9: the fallback deck says what the application says, without a GPU
ok 8 - SC9: the fallback deck says what the application says, without a GPU # SKIP test name does not match pattern
  ---
  duration_ms: 0.041375
  ...
# Subtest: SC9: a release pack missing its provenance is rejected
ok 9 - SC9: a release pack missing its provenance is rejected # SKIP test name does not match pattern
  ---
  duration_ms: 0.100542
  ...
# Subtest: SC9: the twelve release conditions are tracked and none is over-claimed
ok 10 - SC9: the twelve release conditions are tracked and none is over-claimed # SKIP test name does not match pattern
  ---
  duration_ms: 0.112792
  ...
# Subtest: SC9: the rehearsal record claims nothing that has not been rehearsed
ok 11 - SC9: the rehearsal record claims nothing that has not been rehearsed # SKIP test name does not match pattern
  ---
  duration_ms: 0.055875
  ...
# Subtest: SC9/18: the README and progress record hand the current project over accurately
ok 12 - SC9/18: the README and progress record hand the current project over accurately
  ---
  duration_ms: 1.466667
  ...
1..12
# tests 12
# suites 0
# pass 1
# fail 0
# cancelled 0
# skipped 11
# todo 0
# duration_ms 215.357
