[WebServer] browser test server listening on http://127.0.0.1:4173

[WebServer] (node:77067) Warning: The 'NO_COLOR' env is ignored due to the 'FORCE_COLOR' env being set.
[WebServer] (Use `node --trace-warnings ...` to show where the warning was created)


Running 34 tests using 1 worker

[1/34] [firefox] › test/browser/evidence.spec.js:21:1 › SC22/27A object explanation is compact and Research owns the full selected claim
[2/34] [firefox] › test/browser/evidence.spec.js:36:1 › SC22 Guided inspector stays compact and clear of the Tour continuation
[3/34] [firefox] › test/browser/evidence.spec.js:55:1 › SC22 contextual source controls select object, chapter, all, and exact value
[4/34] [firefox] › test/browser/evidence.spec.js:84:1 › SC22 value clearing falls back to the selected object instead of an empty source list
[5/34] [firefox] › test/browser/evidence.spec.js:100:1 › SC22 parameter source routing closes to its visible stage invoker
[6/34] [firefox] › test/browser/evidence.spec.js:112:1 › SC22 selectable chart point filters sources and restores the contextual invoker
[7/34] [firefox] › test/browser/evidence.spec.js:125:1 › SC22 ClaimView keeps citations after copy, fields, and limitations
[8/34] [firefox] › test/browser/evidence.spec.js:148:3 › SC22 desktop Research owns full titin, PEVK, and kinase detail
[9/34] [firefox] › test/browser/evidence.spec.js:148:3 › SC22 responsive Research owns full titin, PEVK, and kinase detail
[10/34] [firefox] › test/browser/learn.spec.js:20:3 › SC23/27A desktop completes the silent five-beat Tour without changing length
[11/34] [firefox] › test/browser/learn.spec.js:20:3 › SC23/27A responsive completes the silent five-beat Tour without changing length
[12/34] [firefox] › test/browser/learn.spec.js:44:1 › SC23 out-of-range Stretch setup stays explicit and user-reversible
[13/34] [firefox] › test/browser/learn.spec.js:62:1 › SC23 legacy step-only links restore and canonicalize the complete final scene
[14/34] [firefox] › test/browser/learn.spec.js:77:1 › SC23 Sources exposes the resolved semantic-scene context in Research
[15/34] [firefox] › test/browser/mvp-preview.spec.js:13:1 › MVP endpoint replay traverses the working range twice without losing the Spring frame
[16/34] [firefox] › test/browser/mvp-preview.spec.js:30:1 › MVP reduced-motion replay resets before showing the endpoint
[17/34] [firefox] › test/browser/mvp-preview.spec.js:50:3 › MVP 1280: modeled force opens above the fold with sensitivity explained
[18/34] [firefox] › test/browser/mvp-preview.spec.js:50:3 › MVP 390: modeled force opens above the fold with sensitivity explained
[19/34] [firefox] › test/browser/mvp-preview.spec.js:82:1 › MVP Research scope matches the canonical tissue-neutral construct through both entries
[20/34] [firefox] › test/browser/mvp-preview.spec.js:97:3 › MVP 1280: final evidence action selects titin and exposes the exact source route
[21/34] [firefox] › test/browser/mvp-preview.spec.js:97:3 › MVP 390: final evidence action selects titin and exposes the exact source route
[22/34] [firefox] › test/browser/mvp-preview.spec.js:134:1 › MVP intermediate force labels retain declared precision and a stable control row
[23/34] [firefox] › test/browser/stretch.spec.js:100:1 › MVP Stretch opens in the Spring scene and keeps its geometry framed
[24/34] [firefox] › test/browser/stretch.spec.js:110:1 › SC24/27A Stretch replaces a Research close-up before running
[25/34] [firefox] › test/browser/stretch.spec.js:123:1 › SC24/27A mobile Stretch reframes before its first length frame
[26/34] [firefox] › test/browser/stretch.spec.js:132:1 › SC24/27A Stretch reaches the supported maximum with geometry retained
[27/34] [firefox] › test/browser/stretch.spec.js:146:1 › SC24/27A Pause freezes the sweep at an exact slider value
[28/34] [firefox] › test/browser/stretch.spec.js:161:1 › SC24/27A resuming a paused stretch continues instead of resetting
[29/34] [firefox] › test/browser/stretch.spec.js:195:1 › SC24/27A leaving Stretch stops mechanics without stale state
[30/34] [firefox] › test/browser/stretch.spec.js:209:1 › SC24/27A Research round-trip retains the Stretch teaching state
[31/34] [firefox] › test/browser/stretch.spec.js:221:1 › SC24 reduced motion lands on the same Spring maximum without tweening
[32/34] [firefox] › test/browser/stretch.spec.js:262:3 › MVP 1280: Stretch comparison frame is established on entry and retained through interaction
[33/34] [firefox] › test/browser/stretch.spec.js:262:3 › MVP 390: Stretch comparison frame is established on entry and retained through interaction
[34/34] [firefox] › test/browser/stretch.spec.js:292:1 › MVP direct Stretch entry and history preserve length, while manual camera remains Custom
  34 passed (4.5m)
