[WebServer] browser test server listening on http://127.0.0.1:4173

[WebServer] (node:82382) Warning: The 'NO_COLOR' env is ignored due to the 'FORCE_COLOR' env being set.
[WebServer] (Use `node --trace-warnings ...` to show where the warning was created)


Running 34 tests using 1 worker

[1/34] [webkit] › test/browser/evidence.spec.js:21:1 › SC22/27A object explanation is compact and Research owns the full selected claim
[2/34] [webkit] › test/browser/evidence.spec.js:36:1 › SC22 Guided inspector stays compact and clear of the Tour continuation
[3/34] [webkit] › test/browser/evidence.spec.js:55:1 › SC22 contextual source controls select object, chapter, all, and exact value
[4/34] [webkit] › test/browser/evidence.spec.js:84:1 › SC22 value clearing falls back to the selected object instead of an empty source list
[5/34] [webkit] › test/browser/evidence.spec.js:100:1 › SC22 parameter source routing closes to its visible stage invoker
  1) [webkit] › test/browser/evidence.spec.js:100:1 › SC22 parameter source routing closes to its visible stage invoker 

    Test timeout of 60000ms exceeded.

    Error: locator.click: Test timeout of 60000ms exceeded.
    Call log:
      - waiting for locator('#chapterNext')
        - locator resolved to <button id="chapterNext" data-secondary="false" aria-label="Next: Follow one giant molecule">Next</button>
      - attempting click action
        - waiting for element to be visible, enabled and stable
        - element is visible, enabled and stable
        - scrolling into view if needed
        - done scrolling
        - performing click action


      100 | test('SC22 parameter source routing closes to its visible stage invoker', async ({ page }) => {
      101 |   await boot(page);
    > 102 |   await page.locator('#chapterNext').click();
          |                                      ^
      103 |   await page.locator('#chapterNext').click();
      104 |   await page.locator('#stageForce').click();
      105 |   await page.locator('#forceCurve details > summary').click();
        at /Users/shotaro/Downloads/artifacts/test/browser/evidence.spec.js:102:38

    Error Context: test-results/evidence-SC22-parameter-so-3d379-o-its-visible-stage-invoker-webkit/error-context.md

    attachment #2: trace (application/zip) ─────────────────────────────────────────────────────────
    test-results/evidence-SC22-parameter-so-3d379-o-its-visible-stage-invoker-webkit/trace.zip
    Usage:

        npx playwright show-trace test-results/evidence-SC22-parameter-so-3d379-o-its-visible-stage-invoker-webkit/trace.zip

    ────────────────────────────────────────────────────────────────────────────────────────────────


[6/34] [webkit] › test/browser/evidence.spec.js:112:1 › SC22 selectable chart point filters sources and restores the contextual invoker
  2) [webkit] › test/browser/evidence.spec.js:112:1 › SC22 selectable chart point filters sources and restores the contextual invoker 

    Test timeout of 60000ms exceeded.

    Error: page.setViewportSize: Test timeout of 60000ms exceeded.

       at helpers.js:20

      18 |   const viewport = VIEWPORTS[name];
      19 |   if (!viewport) throw new Error(`unknown review viewport '${name}'`);
    > 20 |   await page.setViewportSize(viewport);
         |              ^
      21 |   return viewport;
      22 | }
      23 |
        at setReviewViewport (/Users/shotaro/Downloads/artifacts/test/browser/helpers.js:20:14)
        at boot (/Users/shotaro/Downloads/artifacts/test/browser/evidence.spec.js:6:9)
        at /Users/shotaro/Downloads/artifacts/test/browser/evidence.spec.js:113:9

    Error Context: test-results/evidence-SC22-selectable-c-4006d-ores-the-contextual-invoker-webkit/error-context.md

    attachment #2: trace (application/zip) ─────────────────────────────────────────────────────────
    test-results/evidence-SC22-selectable-c-4006d-ores-the-contextual-invoker-webkit/trace.zip
    Usage:

        npx playwright show-trace test-results/evidence-SC22-selectable-c-4006d-ores-the-contextual-invoker-webkit/trace.zip

    ────────────────────────────────────────────────────────────────────────────────────────────────


[7/34] [webkit] › test/browser/evidence.spec.js:125:1 › SC22 ClaimView keeps citations after copy, fields, and limitations
  3) [webkit] › test/browser/evidence.spec.js:125:1 › SC22 ClaimView keeps citations after copy, fields, and limitations 

    Test was interrupted.

    Error: page.setViewportSize: Test ended.

       at helpers.js:20

      18 |   const viewport = VIEWPORTS[name];
      19 |   if (!viewport) throw new Error(`unknown review viewport '${name}'`);
    > 20 |   await page.setViewportSize(viewport);
         |              ^
      21 |   return viewport;
      22 | }
      23 |
        at setReviewViewport (/Users/shotaro/Downloads/artifacts/test/browser/helpers.js:20:14)
        at boot (/Users/shotaro/Downloads/artifacts/test/browser/evidence.spec.js:6:9)
        at /Users/shotaro/Downloads/artifacts/test/browser/evidence.spec.js:126:9

    Error Context: test-results/evidence-SC22-ClaimView-ke-96962-copy-fields-and-limitations-webkit/error-context.md

    attachment #2: trace (application/zip) ─────────────────────────────────────────────────────────
    test-results/evidence-SC22-ClaimView-ke-96962-copy-fields-and-limitations-webkit/trace.zip
    Usage:

        npx playwright show-trace test-results/evidence-SC22-ClaimView-ke-96962-copy-fields-and-limitations-webkit/trace.zip

    ────────────────────────────────────────────────────────────────────────────────────────────────


  2 failed
    [webkit] › test/browser/evidence.spec.js:100:1 › SC22 parameter source routing closes to its visible stage invoker 
    [webkit] › test/browser/evidence.spec.js:112:1 › SC22 selectable chart point filters sources and restores the contextual invoker 
  1 interrupted
    [webkit] › test/browser/evidence.spec.js:125:1 › SC22 ClaimView keeps citations after copy, fields, and limitations 
  27 did not run
  4 passed (5.4m)
