[WebServer] browser test server listening on http://127.0.0.1:4173

[WebServer] (node:9100) Warning: The 'NO_COLOR' env is ignored due to the 'FORCE_COLOR' env being set.
[WebServer] (Use `node --trace-warnings ...` to show where the warning was created)


Running 92 tests using 1 worker

[1/92] [chromium] › test/browser/evidence.spec.js:21:1 › SC22/27A object explanation is compact and Research owns the full selected claim
[2/92] [chromium] › test/browser/evidence.spec.js:36:1 › SC22 Guided inspector stays compact and clear of the Tour continuation
[3/92] [chromium] › test/browser/evidence.spec.js:55:1 › SC22 contextual source controls select object, chapter, all, and exact value
[4/92] [chromium] › test/browser/evidence.spec.js:84:1 › SC22 value clearing falls back to the selected object instead of an empty source list
[5/92] [chromium] › test/browser/evidence.spec.js:100:1 › SC22 parameter source routing closes to its visible stage invoker
[6/92] [chromium] › test/browser/evidence.spec.js:112:1 › SC22 selectable chart point filters sources and restores the contextual invoker
[7/92] [chromium] › test/browser/evidence.spec.js:125:1 › SC22 ClaimView keeps citations after copy, fields, and limitations
[8/92] [chromium] › test/browser/evidence.spec.js:148:3 › SC22 desktop Research owns full titin, PEVK, and kinase detail
[9/92] [chromium] › test/browser/evidence.spec.js:148:3 › SC22 responsive Research owns full titin, PEVK, and kinase detail
[10/92] [chromium] › test/browser/final-polish.spec.js:38:3 › Final polish 1280: force labels are readable and Large type actually enlarges them
[11/92] [chromium] › test/browser/final-polish.spec.js:38:3 › Final polish 390: force labels are readable and Large type actually enlarges them
[12/92] [chromium] › test/browser/final-polish.spec.js:38:3 › Final polish 320: force labels are readable and Large type actually enlarges them
[13/92] [chromium] › test/browser/final-polish.spec.js:63:1 › Final polish: withdraw the colliding locator while keeping the main model labels
[14/92] [chromium] › test/browser/final-polish.spec.js:85:1 › Final polish: phone Tour retains its locator and explains the opposite path
[15/92] [chromium] › test/browser/final-polish.spec.js:94:1 › Final polish: selected scientific sources precede build identifiers on phone
[16/92] [chromium] › test/browser/final-polish.spec.js:109:1 › Final polish: chart labels fit across supported and extrapolated states
[17/92] [chromium] › test/browser/learn.spec.js:20:3 › SC23/27A desktop completes the silent five-beat Tour without changing length
[18/92] [chromium] › test/browser/learn.spec.js:20:3 › SC23/27A responsive completes the silent five-beat Tour without changing length
[19/92] [chromium] › test/browser/learn.spec.js:44:1 › SC23 out-of-range Stretch setup stays explicit and user-reversible
[20/92] [chromium] › test/browser/learn.spec.js:62:1 › SC23 legacy step-only links restore and canonicalize the complete final scene
[21/92] [chromium] › test/browser/learn.spec.js:77:1 › SC23 Sources exposes the resolved semantic-scene context in Research
[22/92] [chromium] › test/browser/mvp-preview.spec.js:13:1 › MVP endpoint replay traverses the working range twice without losing the Spring frame
[23/92] [chromium] › test/browser/mvp-preview.spec.js:30:1 › MVP reduced-motion replay resets before showing the endpoint
[24/92] [chromium] › test/browser/mvp-preview.spec.js:50:3 › MVP 1280: modeled force opens above the fold with sensitivity explained
[25/92] [chromium] › test/browser/mvp-preview.spec.js:50:3 › MVP 390: modeled force opens above the fold with sensitivity explained
[26/92] [chromium] › test/browser/mvp-preview.spec.js:82:1 › MVP Research scope matches the canonical tissue-neutral construct through both entries
[27/92] [chromium] › test/browser/mvp-preview.spec.js:97:3 › MVP 1280: final evidence action selects titin and exposes the exact source route
[28/92] [chromium] › test/browser/mvp-preview.spec.js:97:3 › MVP 390: final evidence action selects titin and exposes the exact source route
[29/92] [chromium] › test/browser/mvp-preview.spec.js:134:1 › MVP intermediate force labels retain declared precision and a stable control row
[30/92] [chromium] › test/browser/smoke.spec.js:22:1 › source and standalone pages boot without module, console, or WebGL errors
[31/92] [chromium] › test/browser/smoke.spec.js:40:1 › committed standalone opens from file:// and reaches its ready marker
[32/92] [chromium] › test/browser/smoke.spec.js:44:1 › SC20 desktop authority: consumed rulings and a claim source are visibly inspectable
[33/92] [chromium] › test/browser/smoke.spec.js:66:3 › desktop: Research tabs open in order and return focus to the invoker
[34/92] [chromium] › test/browser/smoke.spec.js:66:3 › responsive: Research tabs open in order and return focus to the invoker
[35/92] [chromium] › test/browser/smoke.spec.js:80:1 › visible source links and contextual Stretch states use declared readable foregrounds
[36/92] [chromium] › test/browser/smoke.spec.js:118:1 › region and close-up navigation never leave a false wide-view pressed state
[37/92] [chromium] › test/browser/smoke.spec.js:140:1 › a missing WebGL context produces an actionable static-fallback message
[38/92] [chromium] › test/browser/smoke.spec.js:153:1 › the pinned axe foundation reports no critical WCAG A/AA violation
[39/92] [chromium] › test/browser/stretch.spec.js:102:1 › MVP Stretch opens in the Spring scene and keeps its geometry framed
[40/92] [chromium] › test/browser/stretch.spec.js:112:1 › SC24/27A Stretch replaces a Research close-up before running
[41/92] [chromium] › test/browser/stretch.spec.js:125:1 › SC24/27A mobile Stretch reframes before its first length frame
[42/92] [chromium] › test/browser/stretch.spec.js:134:1 › SC24/27A Stretch reaches the supported maximum with geometry retained
[43/92] [chromium] › test/browser/stretch.spec.js:148:1 › SC24/27A Pause freezes the sweep at an exact slider value
[44/92] [chromium] › test/browser/stretch.spec.js:163:1 › SC24/27A resuming a paused stretch continues instead of resetting
[45/92] [chromium] › test/browser/stretch.spec.js:197:1 › SC24/27A leaving Stretch stops mechanics without stale state
[46/92] [chromium] › test/browser/stretch.spec.js:211:1 › SC24/27A Research round-trip retains the Stretch teaching state
[47/92] [chromium] › test/browser/stretch.spec.js:223:1 › SC24 reduced motion lands on the same Spring maximum without tweening
[48/92] [chromium] › test/browser/stretch.spec.js:264:3 › MVP 1280: Stretch comparison frame is established on entry and retained through interaction
[49/92] [chromium] › test/browser/stretch.spec.js:264:3 › MVP 390: Stretch comparison frame is established on entry and retained through interaction
[50/92] [chromium] › test/browser/stretch.spec.js:294:1 › MVP direct Stretch entry and history preserve length, while manual camera remains Custom
[51/92] [chromium] › test/browser/ux-overhaul.spec.js:353:3 › SC27A Tour shell obeys its viewport contract at 375x812
[52/92] [chromium] › test/browser/ux-overhaul.spec.js:353:3 › SC27A Tour shell obeys its viewport contract at 390x844
[53/92] [chromium] › test/browser/ux-overhaul.spec.js:353:3 › SC27A Tour shell obeys its viewport contract at 768x1024
[54/92] [chromium] › test/browser/ux-overhaul.spec.js:353:3 › SC27A Tour shell obeys its viewport contract at 1024x768
[55/92] [chromium] › test/browser/ux-overhaul.spec.js:353:3 › SC27A Tour shell obeys its viewport contract at 1280x720
[56/92] [chromium] › test/browser/ux-overhaul.spec.js:353:3 › SC27A Tour shell obeys its viewport contract at 1440x900
[57/92] [chromium] › test/browser/ux-overhaul.spec.js:428:3 › SC27A browser history restores complete overlay frames at 375x812
[58/92] [chromium] › test/browser/ux-overhaul.spec.js:428:3 › SC27A browser history restores complete overlay frames at 390x844
[59/92] [chromium] › test/browser/ux-overhaul.spec.js:428:3 › SC27A browser history restores complete overlay frames at 768x1024
[60/92] [chromium] › test/browser/ux-overhaul.spec.js:428:3 › SC27A browser history restores complete overlay frames at 1024x768
[61/92] [chromium] › test/browser/ux-overhaul.spec.js:428:3 › SC27A browser history restores complete overlay frames at 1280x720
[62/92] [chromium] › test/browser/ux-overhaul.spec.js:428:3 › SC27A browser history restores complete overlay frames at 1440x900
[63/92] [chromium] › test/browser/ux-overhaul.spec.js:452:3 › SC27A Research resynchronizes the stage across 768x1024 ↔ 1024x768
[64/92] [chromium] › test/browser/ux-overhaul.spec.js:452:3 › SC27A Research resynchronizes the stage across 375x812 ↔ 1280x720
[65/92] [chromium] › test/browser/ux-overhaul.spec.js:488:1 › SC27A compact-height coverage sits below the declared release envelope
[66/92] [chromium] › test/browser/ux-overhaul.spec.js:498:3 › SC27A compact-height inspection guidance remains visible at 375x667
[67/92] [chromium] › test/browser/ux-overhaul.spec.js:498:3 › SC27A compact-height inspection guidance remains visible at 390x684
[68/92] [chromium] › test/browser/ux-overhaul.spec.js:498:3 › SC27A compact-height inspection guidance remains visible at 360x640
[69/92] [chromium] › test/browser/ux-overhaul.spec.js:545:3 › SC27A semantic cameras clear chrome at 375x812
  1) [chromium] › test/browser/ux-overhaul.spec.js:545:3 › SC27A semantic cameras clear chrome at 375x812 

    Error: expect(locator).toHaveCount(expected) failed

    Locator:  locator('#scienceOverlay [data-full-sarcomere-locator]')
    Expected: 1
    Received: 0
    Timeout:  8000ms

    Call log:
      - Expect "toHaveCount" with timeout 8000ms
      - waiting for locator('#scienceOverlay [data-full-sarcomere-locator]')
        19 × locator resolved to 0 elements
           - unexpected value "0"


      195 |
      196 | async function assertSemanticCameraContract(page, viewport, beat) {
    > 197 |   await expect(page.locator('#scienceOverlay [data-full-sarcomere-locator]')).toHaveCount(1);
          |                                                                               ^
      198 |   const audit = await page.evaluate(() => {
      199 |     const vis = window.titinVisualization;
      200 |     const canvasNode = document.querySelector('#canvas');
        at assertSemanticCameraContract (/Users/shotaro/Downloads/artifacts/test/browser/ux-overhaul.spec.js:197:79)
        at /Users/shotaro/Downloads/artifacts/test/browser/ux-overhaul.spec.js:559:11

    attachment #1: screenshot (image/png) ──────────────────────────────────────────────────────────
    test-results/ux-overhaul-SC27A-semantic-cameras-clear-chrome-at-375x812-chromium/test-failed-1.png
    ────────────────────────────────────────────────────────────────────────────────────────────────

    Error Context: test-results/ux-overhaul-SC27A-semantic-cameras-clear-chrome-at-375x812-chromium/error-context.md

    attachment #3: trace (application/zip) ─────────────────────────────────────────────────────────
    test-results/ux-overhaul-SC27A-semantic-cameras-clear-chrome-at-375x812-chromium/trace.zip
    Usage:

        npx playwright show-trace test-results/ux-overhaul-SC27A-semantic-cameras-clear-chrome-at-375x812-chromium/trace.zip

    ────────────────────────────────────────────────────────────────────────────────────────────────


[70/92] [chromium] › test/browser/ux-overhaul.spec.js:545:3 › SC27A semantic cameras clear chrome at 390x844
[71/92] [chromium] › test/browser/ux-overhaul.spec.js:545:3 › SC27A semantic cameras clear chrome at 768x1024
[72/92] [chromium] › test/browser/ux-overhaul.spec.js:545:3 › SC27A semantic cameras clear chrome at 1024x768
  2) [chromium] › test/browser/ux-overhaul.spec.js:545:3 › SC27A semantic cameras clear chrome at 1024x768 

    Error: expect(locator).toHaveCount(expected) failed

    Locator:  locator('#scienceOverlay [data-full-sarcomere-locator]')
    Expected: 1
    Received: 0
    Timeout:  8000ms

    Call log:
      - Expect "toHaveCount" with timeout 8000ms
      - waiting for locator('#scienceOverlay [data-full-sarcomere-locator]')
        18 × locator resolved to 0 elements
           - unexpected value "0"


      195 |
      196 | async function assertSemanticCameraContract(page, viewport, beat) {
    > 197 |   await expect(page.locator('#scienceOverlay [data-full-sarcomere-locator]')).toHaveCount(1);
          |                                                                               ^
      198 |   const audit = await page.evaluate(() => {
      199 |     const vis = window.titinVisualization;
      200 |     const canvasNode = document.querySelector('#canvas');
        at assertSemanticCameraContract (/Users/shotaro/Downloads/artifacts/test/browser/ux-overhaul.spec.js:197:79)
        at /Users/shotaro/Downloads/artifacts/test/browser/ux-overhaul.spec.js:559:11

    attachment #1: screenshot (image/png) ──────────────────────────────────────────────────────────
    test-results/ux-overhaul-SC27A-semantic-cameras-clear-chrome-at-1024x768-chromium/test-failed-1.png
    ────────────────────────────────────────────────────────────────────────────────────────────────

    Error Context: test-results/ux-overhaul-SC27A-semantic-cameras-clear-chrome-at-1024x768-chromium/error-context.md

    attachment #3: trace (application/zip) ─────────────────────────────────────────────────────────
    test-results/ux-overhaul-SC27A-semantic-cameras-clear-chrome-at-1024x768-chromium/trace.zip
    Usage:

        npx playwright show-trace test-results/ux-overhaul-SC27A-semantic-cameras-clear-chrome-at-1024x768-chromium/trace.zip

    ────────────────────────────────────────────────────────────────────────────────────────────────


[73/92] [chromium] › test/browser/ux-overhaul.spec.js:545:3 › SC27A semantic cameras clear chrome at 1280x720
  3) [chromium] › test/browser/ux-overhaul.spec.js:545:3 › SC27A semantic cameras clear chrome at 1280x720 

    Error: expect(locator).toHaveCount(expected) failed

    Locator:  locator('#scienceOverlay [data-full-sarcomere-locator]')
    Expected: 1
    Received: 0
    Timeout:  8000ms

    Call log:
      - Expect "toHaveCount" with timeout 8000ms
      - waiting for locator('#scienceOverlay [data-full-sarcomere-locator]')
        19 × locator resolved to 0 elements
           - unexpected value "0"


      195 |
      196 | async function assertSemanticCameraContract(page, viewport, beat) {
    > 197 |   await expect(page.locator('#scienceOverlay [data-full-sarcomere-locator]')).toHaveCount(1);
          |                                                                               ^
      198 |   const audit = await page.evaluate(() => {
      199 |     const vis = window.titinVisualization;
      200 |     const canvasNode = document.querySelector('#canvas');
        at assertSemanticCameraContract (/Users/shotaro/Downloads/artifacts/test/browser/ux-overhaul.spec.js:197:79)
        at /Users/shotaro/Downloads/artifacts/test/browser/ux-overhaul.spec.js:559:11

    attachment #1: screenshot (image/png) ──────────────────────────────────────────────────────────
    test-results/ux-overhaul-SC27A-semantic-cameras-clear-chrome-at-1280x720-chromium/test-failed-1.png
    ────────────────────────────────────────────────────────────────────────────────────────────────

    Error Context: test-results/ux-overhaul-SC27A-semantic-cameras-clear-chrome-at-1280x720-chromium/error-context.md

    attachment #3: trace (application/zip) ─────────────────────────────────────────────────────────
    test-results/ux-overhaul-SC27A-semantic-cameras-clear-chrome-at-1280x720-chromium/trace.zip
    Usage:

        npx playwright show-trace test-results/ux-overhaul-SC27A-semantic-cameras-clear-chrome-at-1280x720-chromium/trace.zip

    ────────────────────────────────────────────────────────────────────────────────────────────────


[74/92] [chromium] › test/browser/ux-overhaul.spec.js:545:3 › SC27A semantic cameras clear chrome at 1440x900
[75/92] [chromium] › test/browser/ux-overhaul.spec.js:585:3 › SC27A a pinned explanation never covers a scientific label at 1280x720
[76/92] [chromium] › test/browser/ux-overhaul.spec.js:585:3 › SC27A a pinned explanation never covers a scientific label at 1024x768
[77/92] [chromium] › test/browser/ux-overhaul.spec.js:585:3 › SC27A a pinned explanation never covers a scientific label at 375x812
[78/92] [chromium] › test/browser/ux-overhaul.spec.js:609:1 › SC27A has one five-beat route, contextual mechanics, and a truthful Replay
[79/92] [chromium] › test/browser/ux-overhaul.spec.js:654:1 › SC27A presenter x accelerator enters the complete Stretch beat from anywhere
[80/92] [chromium] › test/browser/ux-overhaul.spec.js:670:1 › SC27A Research defaults and contextual routes preserve the Tour return point
[81/92] [chromium] › test/browser/ux-overhaul.spec.js:699:1 › SC27A object explanation reaches contextual Evidence and Sources
[82/92] [chromium] › test/browser/ux-overhaul.spec.js:728:1 › SC27A mobile Research is one full-screen scroll sheet and leaves no stage target active
[83/92] [chromium] › test/browser/ux-overhaul.spec.js:764:1 › SC27A 200% browser-zoom layout equivalent preserves the Tour route
[84/92] [chromium] › test/browser/ux-overhaul.spec.js:779:3 › SC27A automated accessibility has no WCAG finding at 375x812
[85/92] [chromium] › test/browser/ux-overhaul.spec.js:779:3 › SC27A automated accessibility has no WCAG finding at 1280x720
[86/92] [chromium] › test/browser/workbench.spec.js:27:3 › SC26 1280x720 expert route exposes inspect, measure, evidence, and handoff
[87/92] [chromium] › test/browser/workbench.spec.js:27:3 › SC26 1440x900 expert route exposes inspect, measure, evidence, and handoff
[88/92] [chromium] › test/browser/workbench.spec.js:74:1 › SC26 Inspect never attributes titin sequence metadata to actin or myosin
[89/92] [chromium] › test/browser/workbench.spec.js:88:1 › SC26 browser downloads deterministic bytes and unsupported force is blank, not zero
[90/92] [chromium] › test/browser/workbench.spec.js:108:1 › SC26 all four handoff files agree at supported, extrapolated, and omitted states
[91/92] [chromium] › test/browser/workbench.spec.js:165:1 › SC26 network failure leaves local locators and claim export operational
[92/92] [chromium] › test/browser/workbench.spec.js:180:1 › MVP Architecture identifies folded domains as titin with reference-wide metadata
  Slow test file: [chromium] › test/browser/stretch.spec.js (6.2m)
  Consider running tests from slow files in parallel. See: https://playwright.dev/docs/test-parallel
  3 failed
    [chromium] › test/browser/ux-overhaul.spec.js:545:3 › SC27A semantic cameras clear chrome at 375x812 
    [chromium] › test/browser/ux-overhaul.spec.js:545:3 › SC27A semantic cameras clear chrome at 1024x768 
    [chromium] › test/browser/ux-overhaul.spec.js:545:3 › SC27A semantic cameras clear chrome at 1280x720 
  89 passed (25.8m)
