swap before: total = 7168.00M  used = 5898.94M  free = 1269.06M  (encrypted)
[WebServer] browser test server listening on http://127.0.0.1:4173


Running 71 tests using 1 worker

[1/71] [chromium] › test/browser/evidence.spec.js:21:1 › SC22/27A object explanation is compact and Research owns the full selected claim
[2/71] [chromium] › test/browser/evidence.spec.js:36:1 › SC22 Guided inspector stays compact and clear of the Tour continuation
[3/71] [chromium] › test/browser/evidence.spec.js:55:1 › SC22 contextual source controls select object, chapter, all, and exact value
[4/71] [chromium] › test/browser/evidence.spec.js:84:1 › SC22 value clearing falls back to the selected object instead of an empty source list
[5/71] [chromium] › test/browser/evidence.spec.js:100:1 › SC22 parameter source routing closes to its visible stage invoker
[6/71] [chromium] › test/browser/evidence.spec.js:112:1 › SC22 selectable chart point filters sources and restores the contextual invoker
[7/71] [chromium] › test/browser/evidence.spec.js:125:1 › SC22 ClaimView keeps citations after copy, fields, and limitations
[8/71] [chromium] › test/browser/evidence.spec.js:148:3 › SC22 desktop Research owns full titin, PEVK, and kinase detail
[9/71] [chromium] › test/browser/evidence.spec.js:148:3 › SC22 responsive Research owns full titin, PEVK, and kinase detail
[10/71] [chromium] › test/browser/learn.spec.js:20:3 › SC23/27A desktop completes the silent five-beat Tour without changing length
[11/71] [chromium] › test/browser/learn.spec.js:20:3 › SC23/27A responsive completes the silent five-beat Tour without changing length
[12/71] [chromium] › test/browser/learn.spec.js:44:1 › SC23 out-of-range Stretch setup stays explicit and user-reversible
[13/71] [chromium] › test/browser/learn.spec.js:62:1 › SC23 legacy step-only links restore and canonicalize the complete final scene
[14/71] [chromium] › test/browser/learn.spec.js:77:1 › SC23 Sources exposes the resolved semantic-scene context in Research
[15/71] [chromium] › test/browser/mvp-preview.spec.js:12:1 › MVP endpoint replay traverses the working range twice without losing the Spring frame
[16/71] [chromium] › test/browser/mvp-preview.spec.js:29:1 › MVP reduced-motion replay resets before showing the endpoint
[17/71] [chromium] › test/browser/mvp-preview.spec.js:49:3 › MVP 1280: modeled force opens above the fold with sensitivity explained
[18/71] [chromium] › test/browser/mvp-preview.spec.js:49:3 › MVP 390: modeled force opens above the fold with sensitivity explained
[19/71] [chromium] › test/browser/smoke.spec.js:22:1 › source and standalone pages boot without module, console, or WebGL errors
[20/71] [chromium] › test/browser/smoke.spec.js:40:1 › committed standalone opens from file:// and reaches its ready marker
[21/71] [chromium] › test/browser/smoke.spec.js:44:1 › SC20 desktop authority: consumed rulings and a claim source are visibly inspectable
[22/71] [chromium] › test/browser/smoke.spec.js:66:3 › desktop: Research tabs open in order and return focus to the invoker
[23/71] [chromium] › test/browser/smoke.spec.js:66:3 › responsive: Research tabs open in order and return focus to the invoker
[24/71] [chromium] › test/browser/smoke.spec.js:80:1 › visible source links and contextual Stretch states use declared readable foregrounds
[25/71] [chromium] › test/browser/smoke.spec.js:118:1 › region and close-up navigation never leave a false wide-view pressed state
[26/71] [chromium] › test/browser/smoke.spec.js:140:1 › a missing WebGL context produces an actionable static-fallback message
[27/71] [chromium] › test/browser/smoke.spec.js:153:1 › the pinned axe foundation reports no critical WCAG A/AA violation
[28/71] [chromium] › test/browser/stretch.spec.js:100:1 › MVP Stretch opens in the Spring scene and keeps its geometry framed
[29/71] [chromium] › test/browser/stretch.spec.js:110:1 › SC24/27A Stretch replaces a Research close-up before running
[30/71] [chromium] › test/browser/stretch.spec.js:123:1 › SC24/27A mobile Stretch reframes before its first length frame
[31/71] [chromium] › test/browser/stretch.spec.js:132:1 › SC24/27A Stretch reaches the supported maximum with geometry retained
[32/71] [chromium] › test/browser/stretch.spec.js:146:1 › SC24/27A Pause freezes the sweep at an exact slider value
[33/71] [chromium] › test/browser/stretch.spec.js:161:1 › SC24/27A resuming a paused stretch continues instead of resetting
[34/71] [chromium] › test/browser/stretch.spec.js:195:1 › SC24/27A leaving Stretch stops mechanics without stale state
[35/71] [chromium] › test/browser/stretch.spec.js:209:1 › SC24/27A Research round-trip retains the Stretch teaching state
[36/71] [chromium] › test/browser/stretch.spec.js:221:1 › SC24 reduced motion lands on the same Spring maximum without tweening
[37/71] [chromium] › test/browser/ux-overhaul.spec.js:353:3 › SC27A Tour shell obeys its viewport contract at 375x812
[38/71] [chromium] › test/browser/ux-overhaul.spec.js:353:3 › SC27A Tour shell obeys its viewport contract at 390x844
[39/71] [chromium] › test/browser/ux-overhaul.spec.js:353:3 › SC27A Tour shell obeys its viewport contract at 768x1024
[40/71] [chromium] › test/browser/ux-overhaul.spec.js:353:3 › SC27A Tour shell obeys its viewport contract at 1024x768
[41/71] [chromium] › test/browser/ux-overhaul.spec.js:353:3 › SC27A Tour shell obeys its viewport contract at 1280x720
[42/71] [chromium] › test/browser/ux-overhaul.spec.js:353:3 › SC27A Tour shell obeys its viewport contract at 1440x900
[43/71] [chromium] › test/browser/ux-overhaul.spec.js:428:3 › SC27A browser history restores complete overlay frames at 375x812
[44/71] [chromium] › test/browser/ux-overhaul.spec.js:428:3 › SC27A browser history restores complete overlay frames at 390x844
[45/71] [chromium] › test/browser/ux-overhaul.spec.js:428:3 › SC27A browser history restores complete overlay frames at 768x1024
[46/71] [chromium] › test/browser/ux-overhaul.spec.js:428:3 › SC27A browser history restores complete overlay frames at 1024x768
[47/71] [chromium] › test/browser/ux-overhaul.spec.js:428:3 › SC27A browser history restores complete overlay frames at 1280x720
[48/71] [chromium] › test/browser/ux-overhaul.spec.js:428:3 › SC27A browser history restores complete overlay frames at 1440x900
[49/71] [chromium] › test/browser/ux-overhaul.spec.js:452:3 › SC27A Research resynchronizes the stage across 768x1024 ↔ 1024x768
[50/71] [chromium] › test/browser/ux-overhaul.spec.js:452:3 › SC27A Research resynchronizes the stage across 375x812 ↔ 1280x720
[51/71] [chromium] › test/browser/ux-overhaul.spec.js:488:1 › SC27A compact-height coverage sits below the declared release envelope
[52/71] [chromium] › test/browser/ux-overhaul.spec.js:498:3 › SC27A compact-height inspection guidance remains visible at 375x667
[53/71] [chromium] › test/browser/ux-overhaul.spec.js:498:3 › SC27A compact-height inspection guidance remains visible at 390x684
[54/71] [chromium] › test/browser/ux-overhaul.spec.js:498:3 › SC27A compact-height inspection guidance remains visible at 360x640
[55/71] [chromium] › test/browser/ux-overhaul.spec.js:545:3 › SC27A semantic cameras clear chrome at 375x812
[56/71] [chromium] › test/browser/ux-overhaul.spec.js:545:3 › SC27A semantic cameras clear chrome at 390x844
[57/71] [chromium] › test/browser/ux-overhaul.spec.js:545:3 › SC27A semantic cameras clear chrome at 768x1024
[58/71] [chromium] › test/browser/ux-overhaul.spec.js:545:3 › SC27A semantic cameras clear chrome at 1024x768
[59/71] [chromium] › test/browser/ux-overhaul.spec.js:545:3 › SC27A semantic cameras clear chrome at 1280x720
[60/71] [chromium] › test/browser/ux-overhaul.spec.js:545:3 › SC27A semantic cameras clear chrome at 1440x900
[61/71] [chromium] › test/browser/ux-overhaul.spec.js:585:3 › SC27A a pinned explanation never covers a scientific label at 1280x720
[62/71] [chromium] › test/browser/ux-overhaul.spec.js:585:3 › SC27A a pinned explanation never covers a scientific label at 1024x768
[63/71] [chromium] › test/browser/ux-overhaul.spec.js:585:3 › SC27A a pinned explanation never covers a scientific label at 375x812
[64/71] [chromium] › test/browser/ux-overhaul.spec.js:609:1 › SC27A has one five-beat route, contextual mechanics, and a truthful Replay
[65/71] [chromium] › test/browser/ux-overhaul.spec.js:654:1 › SC27A presenter x accelerator enters the complete Stretch beat from anywhere
[66/71] [chromium] › test/browser/ux-overhaul.spec.js:670:1 › SC27A Research defaults and contextual routes preserve the Tour return point
[67/71] [chromium] › test/browser/ux-overhaul.spec.js:699:1 › SC27A object explanation reaches contextual Evidence and Sources
[68/71] [chromium] › test/browser/ux-overhaul.spec.js:728:1 › SC27A mobile Research is one full-screen scroll sheet and leaves no stage target active
[69/71] [chromium] › test/browser/ux-overhaul.spec.js:764:1 › SC27A 200% browser-zoom layout equivalent preserves the Tour route
[70/71] [chromium] › test/browser/ux-overhaul.spec.js:779:3 › SC27A automated accessibility has no WCAG finding at 375x812
[71/71] [chromium] › test/browser/ux-overhaul.spec.js:779:3 › SC27A automated accessibility has no WCAG finding at 1280x720
  Slow test file: [chromium] › test/browser/ux-overhaul.spec.js (8.0m)
  Consider running tests from slow files in parallel. See: https://playwright.dev/docs/test-parallel
  71 passed (16.2m)
EXIT=0
swap after: total = 7168.00M  used = 5840.75M  free = 1327.25M  (encrypted)
